[30-Mar-2025 16:26:23 UTC] Connected to SQLite database.
[30-Mar-2025 16:26:23 UTC] Connected to SQLite database.
[30-Mar-2025 16:27:01 UTC] Connected to SQLite database.
[30-Mar-2025 16:27:04 UTC] Connected to SQLite database.
[30-Mar-2025 16:27:08 UTC] Connected to SQLite database.
[30-Mar-2025 16:27:09 UTC] Connected to SQLite database.
[30-Mar-2025 16:27:21 UTC] Connected to SQLite database.
[30-Mar-2025 16:27:25 UTC] Connected to SQLite database.
[30-Mar-2025 16:27:34 UTC] Connected to SQLite database.
[30-Mar-2025 16:27:40 UTC] Connected to SQLite database.
[30-Mar-2025 16:27:56 UTC] Connected to SQLite database.
[30-Mar-2025 16:27:58 UTC] Connected to SQLite database.
[30-Mar-2025 16:28:31 UTC] Connected to SQLite database.
[30-Mar-2025 16:28:49 UTC] Connected to SQLite database.
[30-Mar-2025 16:28:49 UTC] Connected to SQLite database.
[30-Mar-2025 16:28:55 UTC] Connected to SQLite database.
[30-Mar-2025 16:28:55 UTC] Connected to SQLite database.
[30-Mar-2025 16:29:02 UTC] Connected to SQLite database.
[30-Mar-2025 16:29:02 UTC] Connected to SQLite database.
[30-Mar-2025 16:30:48 UTC] Connected to SQLite database.
[30-Mar-2025 16:30:48 UTC] Connected to SQLite database.
[30-Mar-2025 16:30:53 UTC] Connected to SQLite database.
[30-Mar-2025 16:30:55 UTC] Connected to SQLite database.
[30-Mar-2025 16:30:55 UTC] Connected to SQLite database.
[04-Apr-2025 14:41:38 UTC] Connected to SQLite database.
[04-Apr-2025 14:41:38 UTC] Connected to SQLite database.
[04-Apr-2025 14:42:04 UTC] Connected to SQLite database.
[04-Apr-2025 14:42:04 UTC] Connected to SQLite database.
[04-Apr-2025 15:36:48 UTC] Connected to SQLite database.
[04-Apr-2025 15:36:48 UTC] Connected to SQLite database.
[04-Apr-2025 15:38:29 UTC] Connected to SQLite database.
[04-Apr-2025 15:38:29 UTC] Connected to SQLite database.
[04-Apr-2025 15:38:47 UTC] Connected to SQLite database.
[04-Apr-2025 15:38:47 UTC] Connected to SQLite database.
[04-Apr-2025 15:39:26 UTC] Connected to SQLite database.
[04-Apr-2025 15:40:55 UTC] Connected to SQLite database.
[04-Apr-2025 15:40:55 UTC] Connected to SQLite database.
[04-Apr-2025 15:43:25 UTC] Connected to SQLite database.
[04-Apr-2025 15:43:25 UTC] Connected to SQLite database.
[04-Apr-2025 15:47:39 UTC] Connected to SQLite database.
[04-Apr-2025 15:47:39 UTC] Connected to SQLite database.
[04-Apr-2025 15:47:43 UTC] Connected to SQLite database.
[05-Apr-2025 22:25:24 UTC] Connected to SQLite database.
[05-Apr-2025 22:25:24 UTC] Connected to SQLite database.
[05-Apr-2025 22:28:13 UTC] Connected to SQLite database.
[05-Apr-2025 22:28:13 UTC] Connected to SQLite database.
[05-Apr-2025 22:29:05 UTC] Connected to SQLite database.
[05-Apr-2025 22:29:05 UTC] Connected to SQLite database.
[05-Apr-2025 22:29:05 UTC] Connected to SQLite database.
[05-Apr-2025 22:29:05 UTC] PHP Warning:  Undefined array key "username" in /Users/mac/Documents/tickets/back/server.php on line 108
[05-Apr-2025 22:29:05 UTC] PHP Warning:  Undefined array key "phone_number" in /Users/mac/Documents/tickets/back/server.php on line 109
[05-Apr-2025 22:29:05 UTC] Connected to SQLite database.
[05-Apr-2025 22:29:05 UTC] PHP Warning:  Undefined array key "username" in /Users/mac/Documents/tickets/back/server.php on line 108
[05-Apr-2025 22:29:05 UTC] PHP Warning:  Undefined array key "phone_number" in /Users/mac/Documents/tickets/back/server.php on line 109
[05-Apr-2025 22:29:25 UTC] Connected to SQLite database.
[05-Apr-2025 22:29:34 UTC] Connected to SQLite database.
[05-Apr-2025 22:29:36 UTC] Connected to SQLite database.
[05-Apr-2025 22:29:45 UTC] Connected to SQLite database.
[05-Apr-2025 22:35:02 UTC] Connected to SQLite database.
[05-Apr-2025 22:35:29 UTC] Connected to SQLite database.
[05-Apr-2025 22:35:29 UTC] Connected to SQLite database.
[05-Apr-2025 22:35:29 UTC] PHP Warning:  Undefined array key "username" in /Users/mac/Documents/tickets/back/server.php on line 108
[05-Apr-2025 22:35:29 UTC] PHP Warning:  Undefined array key "phone_number" in /Users/mac/Documents/tickets/back/server.php on line 109
[05-Apr-2025 22:37:39 UTC] Connected to SQLite database.
[05-Apr-2025 22:37:50 UTC] Connected to SQLite database.
[05-Apr-2025 22:37:50 UTC] Connected to SQLite database.
[05-Apr-2025 22:38:07 UTC] Connected to SQLite database.
[05-Apr-2025 22:38:07 UTC] Connected to SQLite database.
[05-Apr-2025 22:38:20 UTC] Connected to SQLite database.
[05-Apr-2025 22:38:20 UTC] Connected to SQLite database.
[05-Apr-2025 22:38:39 UTC] Connected to SQLite database.
[05-Apr-2025 22:40:23 UTC] Connected to SQLite database.
[05-Apr-2025 22:40:23 UTC] Connected to SQLite database.
[05-Apr-2025 22:42:04 UTC] Connected to SQLite database.
[05-Apr-2025 22:42:04 UTC] Connected to SQLite database.
[05-Apr-2025 22:42:51 UTC] Connected to SQLite database.
[05-Apr-2025 22:43:36 UTC] Connected to SQLite database.
[05-Apr-2025 22:44:02 UTC] Connected to SQLite database.
[05-Apr-2025 22:44:02 UTC] Connected to SQLite database.
[05-Apr-2025 22:44:25 UTC] Connected to SQLite database.
[05-Apr-2025 22:44:25 UTC] Connected to SQLite database.
[05-Apr-2025 22:44:59 UTC] Connected to SQLite database.
[05-Apr-2025 22:46:35 UTC] Connected to SQLite database.
[05-Apr-2025 22:49:57 UTC] Connected to SQLite database.
[05-Apr-2025 22:50:18 UTC] Connected to SQLite database.
[05-Apr-2025 22:52:55 UTC] Connected to SQLite database.
[05-Apr-2025 22:52:55 UTC] Connected to SQLite database.
[05-Apr-2025 22:56:38 UTC] Connected to SQLite database.
[05-Apr-2025 22:56:38 UTC] Connected to SQLite database.
[05-Apr-2025 22:56:38 UTC] Connected to SQLite database.
[05-Apr-2025 22:56:38 UTC] Connected to SQLite database.
[05-Apr-2025 22:56:39 UTC] Connected to SQLite database.
[05-Apr-2025 22:56:39 UTC] Connected to SQLite database.
[05-Apr-2025 22:56:56 UTC] Connected to SQLite database.
[05-Apr-2025 22:56:56 UTC] Connected to SQLite database.
[05-Apr-2025 22:57:02 UTC] Connected to SQLite database.
[05-Apr-2025 22:57:02 UTC] Connected to SQLite database.
[05-Apr-2025 22:57:14 UTC] Connected to SQLite database.
[05-Apr-2025 22:57:18 UTC] Connected to SQLite database.
[05-Apr-2025 22:57:18 UTC] Connected to SQLite database.
[05-Apr-2025 22:57:23 UTC] Connected to SQLite database.
[06-Apr-2025 11:09:10 UTC] Connected to SQLite database.
[06-Apr-2025 11:09:10 UTC] Connected to SQLite database.
[06-Apr-2025 11:09:10 UTC] Connected to SQLite database.
[06-Apr-2025 11:09:10 UTC] Connected to SQLite database.
[06-Apr-2025 11:09:53 UTC] Connected to SQLite database.
[06-Apr-2025 11:09:53 UTC] Connected to SQLite database.
[06-Apr-2025 11:10:23 UTC] Connected to SQLite database.
[06-Apr-2025 11:10:23 UTC] Connected to SQLite database.
[06-Apr-2025 11:12:50 UTC] Connected to SQLite database.
[06-Apr-2025 11:13:13 UTC] Connected to SQLite database.
[06-Apr-2025 11:13:13 UTC] Connected to SQLite database.
[06-Apr-2025 11:15:14 UTC] Connected to SQLite database.
[06-Apr-2025 11:15:20 UTC] Connected to SQLite database.
[06-Apr-2025 11:15:20 UTC] Connected to SQLite database.
[06-Apr-2025 11:16:32 UTC] Connected to SQLite database.
[06-Apr-2025 11:16:32 UTC] Connected to SQLite database.
[06-Apr-2025 11:19:13 UTC] Connected to SQLite database.
[06-Apr-2025 11:19:13 UTC] Connected to SQLite database.
[06-Apr-2025 11:19:33 UTC] Connected to SQLite database.
[06-Apr-2025 11:19:47 UTC] Connected to SQLite database.
[06-Apr-2025 11:19:47 UTC] Connected to SQLite database.
[06-Apr-2025 11:19:55 UTC] Connected to SQLite database.
[06-Apr-2025 11:19:55 UTC] Connected to SQLite database.
[06-Apr-2025 11:20:18 UTC] Connected to SQLite database.
[06-Apr-2025 11:20:32 UTC] Connected to SQLite database.
[06-Apr-2025 11:20:32 UTC] Connected to SQLite database.
[06-Apr-2025 11:21:12 UTC] Connected to SQLite database.
[06-Apr-2025 11:21:14 UTC] Connected to SQLite database.
[06-Apr-2025 11:21:17 UTC] Connected to SQLite database.
[06-Apr-2025 11:21:22 UTC] Connected to SQLite database.
[06-Apr-2025 11:22:27 UTC] Connected to SQLite database.
[06-Apr-2025 11:22:27 UTC] Connected to SQLite database.
[06-Apr-2025 11:24:05 UTC] Connected to SQLite database.
[06-Apr-2025 11:24:31 UTC] Connected to SQLite database.
[06-Apr-2025 11:24:36 UTC] Connected to SQLite database.
[06-Apr-2025 11:24:36 UTC] Connected to SQLite database.
[06-Apr-2025 11:24:50 UTC] Connected to SQLite database.
[06-Apr-2025 11:24:50 UTC] Connected to SQLite database.
[06-Apr-2025 11:24:54 UTC] Connected to SQLite database.
[06-Apr-2025 11:24:54 UTC] Connected to SQLite database.
[06-Apr-2025 11:25:13 UTC] Connected to SQLite database.
[06-Apr-2025 11:30:15 UTC] Connected to SQLite database.
[06-Apr-2025 11:30:15 UTC] Connected to SQLite database.
[06-Apr-2025 11:30:31 UTC] Connected to SQLite database.
[06-Apr-2025 11:30:31 UTC] Connected to SQLite database.
[06-Apr-2025 11:31:06 UTC] Connected to SQLite database.
[06-Apr-2025 11:31:43 UTC] Connected to SQLite database.
[06-Apr-2025 11:31:43 UTC] Connected to SQLite database.
[06-Apr-2025 11:32:06 UTC] Connected to SQLite database.
[06-Apr-2025 11:32:25 UTC] Connected to SQLite database.
[06-Apr-2025 11:32:39 UTC] Connected to SQLite database.
[06-Apr-2025 11:32:46 UTC] Connected to SQLite database.
[06-Apr-2025 11:32:50 UTC] Connected to SQLite database.
[06-Apr-2025 11:33:03 UTC] Connected to SQLite database.
[06-Apr-2025 11:33:15 UTC] Connected to SQLite database.
[06-Apr-2025 11:36:47 UTC] Connected to SQLite database.
[06-Apr-2025 11:36:47 UTC] Connected to SQLite database.
[06-Apr-2025 11:36:49 UTC] Connected to SQLite database.
[06-Apr-2025 11:36:49 UTC] Connected to SQLite database.
[06-Apr-2025 11:36:51 UTC] Connected to SQLite database.
[06-Apr-2025 11:36:51 UTC] Connected to SQLite database.
[06-Apr-2025 11:37:15 UTC] Connected to SQLite database.
[06-Apr-2025 11:37:15 UTC] Connected to SQLite database.
[06-Apr-2025 11:37:16 UTC] Connected to SQLite database.
[06-Apr-2025 11:37:16 UTC] Connected to SQLite database.
[06-Apr-2025 11:38:26 UTC] Connected to SQLite database.
[06-Apr-2025 11:38:26 UTC] Connected to SQLite database.
[06-Apr-2025 13:38:26 UTC] Connected to SQLite database.
[06-Apr-2025 13:38:26 UTC] Connected to SQLite database.
[06-Apr-2025 13:38:29 UTC] Connected to SQLite database.
[06-Apr-2025 13:38:29 UTC] Connected to SQLite database.
[06-Apr-2025 13:38:58 UTC] Connected to SQLite database.
[06-Apr-2025 13:38:58 UTC] Connected to SQLite database.
[06-Apr-2025 13:39:30 UTC] Connected to SQLite database.
[06-Apr-2025 13:39:30 UTC] Connected to SQLite database.
[06-Apr-2025 13:39:58 UTC] Connected to SQLite database.
[06-Apr-2025 13:39:58 UTC] Connected to SQLite database.
[06-Apr-2025 13:40:06 UTC] Connected to SQLite database.
[06-Apr-2025 13:40:06 UTC] Connected to SQLite database.
[06-Apr-2025 13:40:14 UTC] Connected to SQLite database.
[06-Apr-2025 13:40:14 UTC] Connected to SQLite database.
[06-Apr-2025 13:40:17 UTC] Connected to SQLite database.
[06-Apr-2025 13:40:17 UTC] Connected to SQLite database.
[06-Apr-2025 13:40:19 UTC] Connected to SQLite database.
[06-Apr-2025 13:40:19 UTC] Connected to SQLite database.
[06-Apr-2025 13:40:21 UTC] Connected to SQLite database.
[06-Apr-2025 13:40:21 UTC] Connected to SQLite database.
[06-Apr-2025 13:40:31 UTC] Connected to SQLite database.
[06-Apr-2025 13:40:31 UTC] Connected to SQLite database.
[06-Apr-2025 14:44:14 UTC] Connected to SQLite database.
[06-Apr-2025 14:44:14 UTC] Connected to SQLite database.
[06-Apr-2025 14:44:16 UTC] Connected to SQLite database.
[06-Apr-2025 14:44:16 UTC] Connected to SQLite database.
[06-Apr-2025 14:46:22 UTC] Connected to SQLite database.
[06-Apr-2025 14:46:22 UTC] Connected to SQLite database.
[06-Apr-2025 14:47:42 UTC] Connected to SQLite database.
[06-Apr-2025 14:47:42 UTC] Connected to SQLite database.
[06-Apr-2025 14:48:04 UTC] Connected to SQLite database.
[06-Apr-2025 14:48:04 UTC] Connected to SQLite database.
[06-Apr-2025 14:48:07 UTC] Connected to SQLite database.
[06-Apr-2025 14:51:50 UTC] Connected to SQLite database.
[06-Apr-2025 14:51:50 UTC] Connected to SQLite database.
[06-Apr-2025 14:51:53 UTC] Connected to SQLite database.
[06-Apr-2025 14:52:03 UTC] Connected to SQLite database.
[06-Apr-2025 14:52:03 UTC] Connected to SQLite database.
[06-Apr-2025 14:52:24 UTC] Connected to SQLite database.
[06-Apr-2025 14:52:24 UTC] Connected to SQLite database.
[06-Apr-2025 14:52:32 UTC] Connected to SQLite database.
[06-Apr-2025 14:52:32 UTC] Connected to SQLite database.
[06-Apr-2025 14:52:40 UTC] Connected to SQLite database.
[06-Apr-2025 14:52:40 UTC] Connected to SQLite database.
[06-Apr-2025 14:52:42 UTC] Connected to SQLite database.
[06-Apr-2025 14:52:44 UTC] Connected to SQLite database.
[06-Apr-2025 14:52:50 UTC] Connected to SQLite database.
[06-Apr-2025 14:52:50 UTC] Connected to SQLite database.
[06-Apr-2025 14:53:21 UTC] Connected to SQLite database.
[06-Apr-2025 14:53:21 UTC] Connected to SQLite database.
[06-Apr-2025 14:54:22 UTC] Connected to SQLite database.
[06-Apr-2025 14:54:22 UTC] Connected to SQLite database.
[06-Apr-2025 14:54:27 UTC] Connected to SQLite database.
[15-Apr-2025 15:53:07 UTC] Connected to SQLite database.
[15-Apr-2025 15:53:07 UTC] Connected to SQLite database.
[15-Apr-2025 15:53:09 UTC] Connected to SQLite database.
[15-Apr-2025 15:53:09 UTC] Connected to SQLite database.
[15-Apr-2025 15:53:49 UTC] Connected to SQLite database.
[15-Apr-2025 15:53:49 UTC] Connected to SQLite database.
[23-May-2025 06:41:31 UTC] Connected to SQLite database.
[23-May-2025 06:41:31 UTC] Connected to SQLite database.
[23-May-2025 06:41:50 UTC] Connected to SQLite database.
[23-May-2025 06:41:50 UTC] Connected to SQLite database.
[23-May-2025 06:42:04 UTC] Connected to SQLite database.
[23-May-2025 06:42:04 UTC] Connected to SQLite database.
[23-May-2025 08:08:21 UTC] Connected to SQLite database.
[23-May-2025 08:08:21 UTC] Connected to SQLite database.
[23-May-2025 08:08:35 UTC] Connected to SQLite database.
[23-May-2025 08:08:35 UTC] Connected to SQLite database.
[23-May-2025 08:08:45 UTC] Connected to SQLite database.
[23-May-2025 08:08:45 UTC] Connected to SQLite database.
[23-May-2025 08:08:48 UTC] Connected to SQLite database.
[23-May-2025 08:08:51 UTC] Connected to SQLite database.
[23-May-2025 08:08:51 UTC] Connected to SQLite database.
[23-May-2025 08:11:52 UTC] Connected to SQLite database.
[23-May-2025 08:11:52 UTC] Connected to SQLite database.
[23-May-2025 14:33:16 UTC] Connected to SQLite database.
[23-May-2025 14:33:16 UTC] Connected to SQLite database.
[23-May-2025 14:33:21 UTC] Connected to SQLite database.
[23-May-2025 14:33:21 UTC] Connected to SQLite database.
[23-May-2025 14:37:22 UTC] Connected to SQLite database.
[23-May-2025 14:37:22 UTC] Connected to SQLite database.
[23-May-2025 14:38:44 UTC] Connected to SQLite database.
[23-May-2025 14:38:44 UTC] Connected to SQLite database.
[23-May-2025 14:38:55 UTC] Connected to SQLite database.
[23-May-2025 14:38:55 UTC] Connected to SQLite database.
[23-May-2025 14:39:03 UTC] Connected to SQLite database.
[23-May-2025 14:39:03 UTC] Connected to SQLite database.
[23-May-2025 14:40:32 UTC] Connected to SQLite database.
[23-May-2025 14:40:32 UTC] Connected to SQLite database.
[23-May-2025 14:40:41 UTC] Connected to SQLite database.
[23-May-2025 14:40:41 UTC] Connected to SQLite database.
[23-May-2025 14:43:35 UTC] Connected to SQLite database.
[23-May-2025 14:43:35 UTC] Connected to SQLite database.
[23-May-2025 14:43:54 UTC] Connected to SQLite database.
[23-May-2025 14:43:54 UTC] Connected to SQLite database.
[23-May-2025 14:44:54 UTC] Connected to SQLite database.
[23-May-2025 14:44:59 UTC] Connected to SQLite database.
[23-May-2025 14:45:01 UTC] Connected to SQLite database.
[23-May-2025 14:45:04 UTC] Connected to SQLite database.
[23-May-2025 14:45:08 UTC] Connected to SQLite database.
[23-May-2025 14:45:13 UTC] Connected to SQLite database.
[23-May-2025 14:45:14 UTC] Connected to SQLite database.
[23-May-2025 14:45:14 UTC] Connected to SQLite database.
[23-May-2025 14:45:14 UTC] Connected to SQLite database.
[23-May-2025 14:45:14 UTC] Connected to SQLite database.
[23-May-2025 14:45:16 UTC] Connected to SQLite database.
[23-May-2025 14:45:16 UTC] Connected to SQLite database.
[23-May-2025 14:45:16 UTC] Connected to SQLite database.
[23-May-2025 14:45:17 UTC] Connected to SQLite database.
[23-May-2025 14:45:17 UTC] Connected to SQLite database.
[23-May-2025 14:45:17 UTC] Connected to SQLite database.
[23-May-2025 14:45:19 UTC] Connected to SQLite database.
[23-May-2025 14:45:19 UTC] Connected to SQLite database.
[23-May-2025 14:45:19 UTC] Connected to SQLite database.
[23-May-2025 14:45:21 UTC] Connected to SQLite database.
[23-May-2025 14:45:21 UTC] Connected to SQLite database.
[23-May-2025 14:45:21 UTC] Connected to SQLite database.
[23-May-2025 14:45:22 UTC] Connected to SQLite database.
[23-May-2025 14:45:22 UTC] Connected to SQLite database.
[23-May-2025 14:45:22 UTC] Connected to SQLite database.
[23-May-2025 14:45:22 UTC] Connected to SQLite database.
[23-May-2025 14:45:22 UTC] Connected to SQLite database.
[23-May-2025 14:45:23 UTC] Connected to SQLite database.
[23-May-2025 14:45:23 UTC] Connected to SQLite database.
[23-May-2025 14:45:23 UTC] Connected to SQLite database.
[23-May-2025 14:45:23 UTC] Connected to SQLite database.
[23-May-2025 14:45:28 UTC] Connected to SQLite database.
[23-May-2025 14:45:28 UTC] Connected to SQLite database.
[23-May-2025 14:49:23 UTC] Connected to SQLite database.
[23-May-2025 14:49:23 UTC] Connected to SQLite database.
[23-May-2025 14:57:16 UTC] Connected to SQLite database.
[23-May-2025 14:57:16 UTC] Connected to SQLite database.
[23-May-2025 14:57:44 UTC] Connected to SQLite database.
[23-May-2025 14:57:44 UTC] Connected to SQLite database.
[23-May-2025 14:58:27 UTC] Connected to SQLite database.
[23-May-2025 14:58:27 UTC] Connected to SQLite database.
[23-May-2025 15:00:12 UTC] Connected to SQLite database.
[23-May-2025 15:00:12 UTC] Connected to SQLite database.
[23-May-2025 15:00:20 UTC] Connected to SQLite database.
[23-May-2025 15:00:20 UTC] Connected to SQLite database.
[23-May-2025 15:00:26 UTC] Connected to SQLite database.
[23-May-2025 15:00:26 UTC] Connected to SQLite database.
[23-May-2025 15:01:29 UTC] Connected to SQLite database.
[23-May-2025 15:01:29 UTC] Connected to SQLite database.
[23-May-2025 15:01:30 UTC] Connected to SQLite database.
[23-May-2025 15:01:30 UTC] Connected to SQLite database.
[23-May-2025 15:01:30 UTC] Connected to SQLite database.
[23-May-2025 15:01:30 UTC] Connected to SQLite database.
[23-May-2025 15:01:30 UTC] Connected to SQLite database.
[23-May-2025 15:01:30 UTC] Connected to SQLite database.
[23-May-2025 15:01:30 UTC] Connected to SQLite database.
[23-May-2025 15:01:39 UTC] Connected to SQLite database.
[23-May-2025 15:01:39 UTC] Connected to SQLite database.
[23-May-2025 15:01:59 UTC] Connected to SQLite database.
[23-May-2025 15:01:59 UTC] Connected to SQLite database.
[23-May-2025 15:02:01 UTC] Connected to SQLite database.
[23-May-2025 15:02:01 UTC] Connected to SQLite database.
[23-May-2025 15:02:01 UTC] Connected to SQLite database.
[23-May-2025 15:02:01 UTC] Connected to SQLite database.
[23-May-2025 15:02:01 UTC] Connected to SQLite database.
[23-May-2025 15:02:01 UTC] Connected to SQLite database.
[23-May-2025 15:02:01 UTC] Connected to SQLite database.
[23-May-2025 15:02:01 UTC] Connected to SQLite database.
[23-May-2025 15:02:01 UTC] Connected to SQLite database.
[23-May-2025 15:02:01 UTC] Connected to SQLite database.
[23-May-2025 15:02:01 UTC] Connected to SQLite database.
[23-May-2025 15:02:01 UTC] Connected to SQLite database.
[23-May-2025 15:02:01 UTC] Connected to SQLite database.
[23-May-2025 15:02:01 UTC] Connected to SQLite database.
[23-May-2025 15:02:01 UTC] Connected to SQLite database.
[23-May-2025 15:02:01 UTC] Connected to SQLite database.
[23-May-2025 15:02:01 UTC] Connected to SQLite database.
[23-May-2025 15:02:01 UTC] Connected to SQLite database.
[23-May-2025 15:02:01 UTC] Connected to SQLite database.
[23-May-2025 15:02:01 UTC] Connected to SQLite database.
[23-May-2025 15:02:01 UTC] Connected to SQLite database.
[23-May-2025 15:02:01 UTC] Connected to SQLite database.
[23-May-2025 15:02:01 UTC] Connected to SQLite database.
[23-May-2025 15:02:01 UTC] Connected to SQLite database.
[23-May-2025 15:02:01 UTC] Connected to SQLite database.
[23-May-2025 15:02:01 UTC] Connected to SQLite database.
[23-May-2025 15:02:01 UTC] Connected to SQLite database.
[23-May-2025 15:02:01 UTC] Connected to SQLite database.
[23-May-2025 15:02:01 UTC] Connected to SQLite database.
[23-May-2025 15:02:01 UTC] Connected to SQLite database.
[23-May-2025 15:02:01 UTC] Connected to SQLite database.
[23-May-2025 15:02:01 UTC] Connected to SQLite database.
[23-May-2025 15:02:01 UTC] Connected to SQLite database.
[23-May-2025 15:02:01 UTC] Connected to SQLite database.
[23-May-2025 15:02:01 UTC] Connected to SQLite database.
[23-May-2025 15:02:01 UTC] Connected to SQLite database.
[23-May-2025 15:02:01 UTC] Connected to SQLite database.
[23-May-2025 15:02:01 UTC] Connected to SQLite database.
[23-May-2025 15:02:01 UTC] Connected to SQLite database.
[23-May-2025 15:02:01 UTC] Connected to SQLite database.
[23-May-2025 15:02:01 UTC] Connected to SQLite database.
[23-May-2025 15:02:01 UTC] Connected to SQLite database.
[23-May-2025 15:02:01 UTC] Connected to SQLite database.
[23-May-2025 15:02:01 UTC] Connected to SQLite database.
[23-May-2025 15:02:01 UTC] Connected to SQLite database.
[23-May-2025 15:02:01 UTC] Connected to SQLite database.
[23-May-2025 15:02:01 UTC] Connected to SQLite database.
[23-May-2025 15:02:01 UTC] Connected to SQLite database.
[23-May-2025 15:02:01 UTC] Connected to SQLite database.
[23-May-2025 15:02:01 UTC] Connected to SQLite database.
[23-May-2025 15:02:01 UTC] Connected to SQLite database.
[23-May-2025 15:02:01 UTC] Connected to SQLite database.
[23-May-2025 15:02:01 UTC] Connected to SQLite database.
[23-May-2025 15:02:01 UTC] Connected to SQLite database.
[23-May-2025 15:02:01 UTC] Connected to SQLite database.
[23-May-2025 15:02:01 UTC] Connected to SQLite database.
[23-May-2025 15:02:01 UTC] Connected to SQLite database.
[23-May-2025 15:02:01 UTC] Connected to SQLite database.
[23-May-2025 15:02:01 UTC] Connected to SQLite database.
[23-May-2025 15:02:01 UTC] Connected to SQLite database.
[23-May-2025 15:02:01 UTC] Connected to SQLite database.
[23-May-2025 15:02:01 UTC] Connected to SQLite database.
[23-May-2025 15:14:12 UTC] Connected to SQLite database.
[23-May-2025 15:14:12 UTC] Connected to SQLite database.
[23-May-2025 15:14:12 UTC] Connected to SQLite database.
[23-May-2025 15:14:12 UTC] Connected to SQLite database.
[23-May-2025 15:14:12 UTC] Connected to SQLite database.
[23-May-2025 15:14:12 UTC] Connected to SQLite database.
[23-May-2025 15:14:12 UTC] Connected to SQLite database.
[23-May-2025 15:14:12 UTC] Connected to SQLite database.
[23-May-2025 15:14:12 UTC] Connected to SQLite database.
[23-May-2025 15:14:12 UTC] Connected to SQLite database.
[23-May-2025 15:14:12 UTC] Connected to SQLite database.
[23-May-2025 15:14:12 UTC] Connected to SQLite database.
[23-May-2025 15:14:12 UTC] Connected to SQLite database.
[23-May-2025 15:14:12 UTC] Connected to SQLite database.
[23-May-2025 15:14:12 UTC] Connected to SQLite database.
[23-May-2025 15:14:12 UTC] Connected to SQLite database.
[23-May-2025 15:14:12 UTC] Connected to SQLite database.
[23-May-2025 15:14:12 UTC] Connected to SQLite database.
[23-May-2025 15:14:12 UTC] Connected to SQLite database.
[23-May-2025 15:14:12 UTC] Connected to SQLite database.
[23-May-2025 15:14:12 UTC] Connected to SQLite database.
[23-May-2025 15:14:12 UTC] Connected to SQLite database.
[23-May-2025 15:14:12 UTC] Connected to SQLite database.
[23-May-2025 15:14:12 UTC] Connected to SQLite database.
[23-May-2025 15:14:12 UTC] Connected to SQLite database.
[23-May-2025 15:14:12 UTC] Connected to SQLite database.
[23-May-2025 15:14:12 UTC] Connected to SQLite database.
[23-May-2025 15:14:12 UTC] Connected to SQLite database.
[23-May-2025 15:14:12 UTC] Connected to SQLite database.
[23-May-2025 15:14:12 UTC] Connected to SQLite database.
[23-May-2025 15:14:12 UTC] Connected to SQLite database.
[23-May-2025 15:14:12 UTC] Connected to SQLite database.
[23-May-2025 15:14:12 UTC] Connected to SQLite database.
[23-May-2025 15:14:12 UTC] Connected to SQLite database.
[23-May-2025 15:14:12 UTC] Connected to SQLite database.
[23-May-2025 15:14:12 UTC] Connected to SQLite database.
[23-May-2025 15:14:12 UTC] Connected to SQLite database.
[23-May-2025 15:14:12 UTC] Connected to SQLite database.
[23-May-2025 15:14:12 UTC] Connected to SQLite database.
[23-May-2025 15:14:12 UTC] Connected to SQLite database.
[23-May-2025 15:14:12 UTC] Connected to SQLite database.
[23-May-2025 15:14:12 UTC] Connected to SQLite database.
[23-May-2025 15:14:12 UTC] Connected to SQLite database.
[23-May-2025 15:14:12 UTC] Connected to SQLite database.
[23-May-2025 15:14:12 UTC] Connected to SQLite database.
[23-May-2025 15:14:12 UTC] Connected to SQLite database.
[23-May-2025 15:14:12 UTC] Connected to SQLite database.
[23-May-2025 15:14:12 UTC] Connected to SQLite database.
[23-May-2025 15:14:12 UTC] Connected to SQLite database.
[23-May-2025 15:14:12 UTC] Connected to SQLite database.
[23-May-2025 15:14:13 UTC] Connected to SQLite database.
[23-May-2025 15:14:13 UTC] Connected to SQLite database.
[23-May-2025 15:14:13 UTC] Connected to SQLite database.
[23-May-2025 15:14:13 UTC] Connected to SQLite database.
[23-May-2025 15:14:13 UTC] Connected to SQLite database.
[23-May-2025 15:14:13 UTC] Connected to SQLite database.
[23-May-2025 15:14:13 UTC] Connected to SQLite database.
[23-May-2025 15:14:13 UTC] Connected to SQLite database.
[23-May-2025 15:14:13 UTC] Connected to SQLite database.
[23-May-2025 15:14:13 UTC] Connected to SQLite database.
[23-May-2025 15:14:13 UTC] Connected to SQLite database.
[23-May-2025 15:14:13 UTC] Connected to SQLite database.
[23-May-2025 15:14:13 UTC] Connected to SQLite database.
[23-May-2025 15:14:13 UTC] Connected to SQLite database.
[23-May-2025 15:14:13 UTC] Connected to SQLite database.
[23-May-2025 15:14:13 UTC] Connected to SQLite database.
[23-May-2025 15:14:13 UTC] Connected to SQLite database.
[23-May-2025 15:14:13 UTC] Connected to SQLite database.
[23-May-2025 15:14:13 UTC] Connected to SQLite database.
[23-May-2025 15:14:13 UTC] Connected to SQLite database.
[23-May-2025 15:14:13 UTC] Connected to SQLite database.
[23-May-2025 15:14:13 UTC] Connected to SQLite database.
[23-May-2025 15:14:13 UTC] Connected to SQLite database.
[23-May-2025 15:14:13 UTC] Connected to SQLite database.
[23-May-2025 15:14:13 UTC] Connected to SQLite database.
[23-May-2025 15:14:13 UTC] Connected to SQLite database.
[23-May-2025 15:14:13 UTC] Connected to SQLite database.
[23-May-2025 15:14:13 UTC] Connected to SQLite database.
[23-May-2025 15:14:13 UTC] Connected to SQLite database.
[23-May-2025 15:14:13 UTC] Connected to SQLite database.
[23-May-2025 15:14:13 UTC] Connected to SQLite database.
[23-May-2025 15:14:13 UTC] Connected to SQLite database.
[23-May-2025 15:14:13 UTC] Connected to SQLite database.
[23-May-2025 15:14:13 UTC] Connected to SQLite database.
[23-May-2025 15:14:13 UTC] Connected to SQLite database.
[23-May-2025 15:14:13 UTC] Connected to SQLite database.
[23-May-2025 15:14:13 UTC] Connected to SQLite database.
[23-May-2025 15:14:13 UTC] Connected to SQLite database.
[23-May-2025 15:14:13 UTC] Connected to SQLite database.
[23-May-2025 15:14:13 UTC] Connected to SQLite database.
[23-May-2025 15:14:13 UTC] Connected to SQLite database.
[23-May-2025 15:14:13 UTC] Connected to SQLite database.
[23-May-2025 15:14:13 UTC] Connected to SQLite database.
[23-May-2025 15:14:13 UTC] Connected to SQLite database.
[23-May-2025 15:14:13 UTC] Connected to SQLite database.
[23-May-2025 15:14:13 UTC] Connected to SQLite database.
[23-May-2025 15:14:13 UTC] Connected to SQLite database.
[23-May-2025 15:14:13 UTC] Connected to SQLite database.
[23-May-2025 15:14:13 UTC] Connected to SQLite database.
[23-May-2025 15:14:13 UTC] Connected to SQLite database.
[23-May-2025 15:14:13 UTC] Connected to SQLite database.
[23-May-2025 15:14:13 UTC] Connected to SQLite database.
[23-May-2025 15:14:13 UTC] Connected to SQLite database.
[23-May-2025 15:14:13 UTC] Connected to SQLite database.
[23-May-2025 15:14:13 UTC] Connected to SQLite database.
[23-May-2025 15:14:13 UTC] Connected to SQLite database.
[23-May-2025 15:14:13 UTC] Connected to SQLite database.
[23-May-2025 15:14:13 UTC] Connected to SQLite database.
[23-May-2025 15:14:13 UTC] Connected to SQLite database.
[23-May-2025 15:14:13 UTC] Connected to SQLite database.
[23-May-2025 15:14:13 UTC] Connected to SQLite database.
[23-May-2025 15:14:13 UTC] Connected to SQLite database.
[23-May-2025 15:14:13 UTC] Connected to SQLite database.
[23-May-2025 15:14:13 UTC] Connected to SQLite database.
[23-May-2025 15:14:13 UTC] Connected to SQLite database.
[23-May-2025 15:14:13 UTC] Connected to SQLite database.
[23-May-2025 15:14:13 UTC] Connected to SQLite database.
[23-May-2025 15:14:13 UTC] Connected to SQLite database.
[23-May-2025 15:14:13 UTC] Connected to SQLite database.
[23-May-2025 15:14:13 UTC] Connected to SQLite database.
[23-May-2025 15:14:13 UTC] Connected to SQLite database.
[23-May-2025 15:14:13 UTC] Connected to SQLite database.
[23-May-2025 15:14:13 UTC] Connected to SQLite database.
[23-May-2025 15:14:13 UTC] Connected to SQLite database.
[23-May-2025 15:14:13 UTC] Connected to SQLite database.
[23-May-2025 15:14:13 UTC] Connected to SQLite database.
[23-May-2025 15:14:13 UTC] Connected to SQLite database.
[23-May-2025 15:14:13 UTC] Connected to SQLite database.
[23-May-2025 15:14:13 UTC] Connected to SQLite database.
[23-May-2025 15:14:13 UTC] Connected to SQLite database.
[23-May-2025 15:14:13 UTC] Connected to SQLite database.
[23-May-2025 15:14:13 UTC] Connected to SQLite database.
[23-May-2025 15:14:13 UTC] Connected to SQLite database.
[23-May-2025 15:14:13 UTC] Connected to SQLite database.
[23-May-2025 15:14:13 UTC] Connected to SQLite database.
[23-May-2025 15:14:13 UTC] Connected to SQLite database.
[23-May-2025 15:14:13 UTC] Connected to SQLite database.
[23-May-2025 15:14:13 UTC] Connected to SQLite database.
[23-May-2025 15:14:13 UTC] Connected to SQLite database.
[23-May-2025 15:14:13 UTC] Connected to SQLite database.
[23-May-2025 15:14:22 UTC] Connected to SQLite database.
[23-May-2025 15:14:22 UTC] Connected to SQLite database.
[23-May-2025 15:54:49 UTC] Connected to SQLite database.
[23-May-2025 15:54:49 UTC] Connected to SQLite database.
[23-May-2025 15:55:02 UTC] Connected to SQLite database.
[23-May-2025 15:55:02 UTC] Connected to SQLite database.
[23-May-2025 15:55:06 UTC] Connected to SQLite database.
[23-May-2025 15:55:06 UTC] Connected to SQLite database.
[23-May-2025 15:55:09 UTC] Connected to SQLite database.
[23-May-2025 15:55:09 UTC] Connected to SQLite database.
[23-May-2025 15:55:09 UTC] Connected to SQLite database.
[23-May-2025 15:55:09 UTC] Connected to SQLite database.
[23-May-2025 15:55:09 UTC] Connected to SQLite database.
[23-May-2025 15:55:09 UTC] Connected to SQLite database.
[23-May-2025 15:55:09 UTC] Connected to SQLite database.
[23-May-2025 15:55:09 UTC] Connected to SQLite database.
[23-May-2025 15:55:09 UTC] Connected to SQLite database.
[23-May-2025 15:55:09 UTC] Connected to SQLite database.
[23-May-2025 15:55:09 UTC] Connected to SQLite database.
[23-May-2025 15:55:09 UTC] Connected to SQLite database.
[23-May-2025 15:55:09 UTC] Connected to SQLite database.
[23-May-2025 15:55:09 UTC] Connected to SQLite database.
[23-May-2025 15:55:09 UTC] Connected to SQLite database.
[23-May-2025 15:55:09 UTC] Connected to SQLite database.
[23-May-2025 15:55:09 UTC] Connected to SQLite database.
[23-May-2025 15:55:09 UTC] Connected to SQLite database.
[23-May-2025 15:55:09 UTC] Connected to SQLite database.
[23-May-2025 15:55:09 UTC] Connected to SQLite database.
[23-May-2025 15:55:09 UTC] Connected to SQLite database.
[23-May-2025 15:55:09 UTC] Connected to SQLite database.
[23-May-2025 15:55:09 UTC] Connected to SQLite database.
[23-May-2025 15:55:09 UTC] Connected to SQLite database.
[23-May-2025 15:55:09 UTC] Connected to SQLite database.
[23-May-2025 15:55:09 UTC] Connected to SQLite database.
[23-May-2025 15:55:09 UTC] Connected to SQLite database.
[23-May-2025 15:55:09 UTC] Connected to SQLite database.
[23-May-2025 15:55:09 UTC] Connected to SQLite database.
[23-May-2025 15:55:09 UTC] Connected to SQLite database.
[23-May-2025 15:55:09 UTC] Connected to SQLite database.
[23-May-2025 15:55:09 UTC] Connected to SQLite database.
[23-May-2025 15:55:09 UTC] Connected to SQLite database.
[23-May-2025 15:55:09 UTC] Connected to SQLite database.
[23-May-2025 15:55:09 UTC] Connected to SQLite database.
[23-May-2025 15:55:09 UTC] Connected to SQLite database.
[23-May-2025 15:55:09 UTC] Connected to SQLite database.
[23-May-2025 15:55:09 UTC] Connected to SQLite database.
[23-May-2025 15:55:09 UTC] Connected to SQLite database.
[23-May-2025 15:55:09 UTC] Connected to SQLite database.
[23-May-2025 15:55:09 UTC] Connected to SQLite database.
[23-May-2025 15:55:09 UTC] Connected to SQLite database.
[23-May-2025 15:55:09 UTC] Connected to SQLite database.
[23-May-2025 15:55:09 UTC] Connected to SQLite database.
[23-May-2025 15:55:09 UTC] Connected to SQLite database.
[23-May-2025 15:55:09 UTC] Connected to SQLite database.
[23-May-2025 15:55:09 UTC] Connected to SQLite database.
[23-May-2025 15:55:09 UTC] Connected to SQLite database.
[23-May-2025 15:55:09 UTC] Connected to SQLite database.
[23-May-2025 15:55:09 UTC] Connected to SQLite database.
[23-May-2025 15:55:09 UTC] Connected to SQLite database.
[23-May-2025 15:55:09 UTC] Connected to SQLite database.
[23-May-2025 15:55:09 UTC] Connected to SQLite database.
[23-May-2025 15:55:09 UTC] Connected to SQLite database.
[23-May-2025 15:55:09 UTC] Connected to SQLite database.
[23-May-2025 15:55:09 UTC] Connected to SQLite database.
[23-May-2025 15:55:09 UTC] Connected to SQLite database.
[23-May-2025 15:55:09 UTC] Connected to SQLite database.
[23-May-2025 15:55:09 UTC] Connected to SQLite database.
[23-May-2025 15:55:09 UTC] Connected to SQLite database.
[23-May-2025 15:55:09 UTC] Connected to SQLite database.
[23-May-2025 15:55:09 UTC] Connected to SQLite database.
[23-May-2025 15:55:09 UTC] Connected to SQLite database.
[23-May-2025 15:55:09 UTC] Connected to SQLite database.
[23-May-2025 15:55:09 UTC] Connected to SQLite database.
[23-May-2025 15:55:09 UTC] Connected to SQLite database.
[23-May-2025 15:55:09 UTC] Connected to SQLite database.
[23-May-2025 15:55:09 UTC] Connected to SQLite database.
[23-May-2025 15:55:09 UTC] Connected to SQLite database.
[23-May-2025 15:55:09 UTC] Connected to SQLite database.
[23-May-2025 15:55:09 UTC] Connected to SQLite database.
[23-May-2025 15:55:09 UTC] Connected to SQLite database.
[23-May-2025 15:55:09 UTC] Connected to SQLite database.
[23-May-2025 15:55:11 UTC] Connected to SQLite database.
[23-May-2025 15:55:11 UTC] Connected to SQLite database.
[23-May-2025 15:55:11 UTC] Connected to SQLite database.
[23-May-2025 15:55:11 UTC] Connected to SQLite database.
[23-May-2025 15:55:11 UTC] Connected to SQLite database.
[23-May-2025 15:55:11 UTC] Connected to SQLite database.
[23-May-2025 15:55:11 UTC] Connected to SQLite database.
[23-May-2025 15:55:11 UTC] Connected to SQLite database.
[23-May-2025 15:55:11 UTC] Connected to SQLite database.
[23-May-2025 15:55:11 UTC] Connected to SQLite database.
[23-May-2025 15:55:11 UTC] Connected to SQLite database.
[23-May-2025 15:55:11 UTC] Connected to SQLite database.
[23-May-2025 15:55:11 UTC] Connected to SQLite database.
[23-May-2025 15:55:11 UTC] Connected to SQLite database.
[23-May-2025 15:55:11 UTC] Connected to SQLite database.
[23-May-2025 15:55:11 UTC] Connected to SQLite database.
[23-May-2025 15:55:11 UTC] Connected to SQLite database.
[23-May-2025 15:55:11 UTC] Connected to SQLite database.
[23-May-2025 15:55:11 UTC] Connected to SQLite database.
[23-May-2025 15:55:11 UTC] Connected to SQLite database.
[23-May-2025 15:55:11 UTC] Connected to SQLite database.
[23-May-2025 15:55:11 UTC] Connected to SQLite database.
[23-May-2025 15:55:11 UTC] Connected to SQLite database.
[23-May-2025 15:55:11 UTC] Connected to SQLite database.
[23-May-2025 15:55:11 UTC] Connected to SQLite database.
[23-May-2025 15:55:11 UTC] Connected to SQLite database.
[23-May-2025 15:55:11 UTC] Connected to SQLite database.
[23-May-2025 15:55:11 UTC] Connected to SQLite database.
[23-May-2025 15:55:11 UTC] Connected to SQLite database.
[23-May-2025 15:55:11 UTC] Connected to SQLite database.
[23-May-2025 15:55:11 UTC] Connected to SQLite database.
[23-May-2025 15:55:11 UTC] Connected to SQLite database.
[23-May-2025 15:55:11 UTC] Connected to SQLite database.
[23-May-2025 15:55:11 UTC] Connected to SQLite database.
[23-May-2025 15:55:11 UTC] Connected to SQLite database.
[23-May-2025 15:55:11 UTC] Connected to SQLite database.
[23-May-2025 15:55:11 UTC] Connected to SQLite database.
[23-May-2025 15:55:11 UTC] Connected to SQLite database.
[23-May-2025 15:55:11 UTC] Connected to SQLite database.
[23-May-2025 15:55:11 UTC] Connected to SQLite database.
[23-May-2025 15:55:11 UTC] Connected to SQLite database.
[23-May-2025 15:55:11 UTC] Connected to SQLite database.
[23-May-2025 15:55:11 UTC] Connected to SQLite database.
[23-May-2025 15:55:11 UTC] Connected to SQLite database.
[23-May-2025 15:55:11 UTC] Connected to SQLite database.
[23-May-2025 15:55:11 UTC] Connected to SQLite database.
[23-May-2025 15:55:14 UTC] Connected to SQLite database.
[23-May-2025 15:55:14 UTC] Connected to SQLite database.
[23-May-2025 15:55:37 UTC] Connected to SQLite database.
[23-May-2025 15:55:37 UTC] Connected to SQLite database.
[23-May-2025 15:55:37 UTC] Connected to SQLite database.
[23-May-2025 15:55:37 UTC] Connected to SQLite database.
[23-May-2025 15:55:37 UTC] Connected to SQLite database.
[23-May-2025 15:55:37 UTC] Connected to SQLite database.
[23-May-2025 15:55:37 UTC] Connected to SQLite database.
[23-May-2025 15:55:37 UTC] Connected to SQLite database.
[23-May-2025 15:55:37 UTC] Connected to SQLite database.
[23-May-2025 15:55:37 UTC] Connected to SQLite database.
[23-May-2025 15:55:37 UTC] Connected to SQLite database.
[23-May-2025 15:55:37 UTC] Connected to SQLite database.
[23-May-2025 15:55:37 UTC] Connected to SQLite database.
[23-May-2025 15:55:37 UTC] Connected to SQLite database.
[23-May-2025 15:55:37 UTC] Connected to SQLite database.
[23-May-2025 15:55:37 UTC] Connected to SQLite database.
[23-May-2025 15:55:38 UTC] Connected to SQLite database.
[23-May-2025 15:55:38 UTC] Connected to SQLite database.
[23-May-2025 15:55:38 UTC] Connected to SQLite database.
[23-May-2025 15:55:38 UTC] Connected to SQLite database.
[23-May-2025 15:55:40 UTC] Connected to SQLite database.
[23-May-2025 15:55:40 UTC] Connected to SQLite database.
[23-May-2025 15:55:40 UTC] Connected to SQLite database.
[23-May-2025 15:55:40 UTC] Connected to SQLite database.
[23-May-2025 15:55:40 UTC] Connected to SQLite database.
[23-May-2025 15:55:40 UTC] Connected to SQLite database.
[23-May-2025 15:55:40 UTC] Connected to SQLite database.
[23-May-2025 15:55:40 UTC] Connected to SQLite database.
[23-May-2025 15:55:40 UTC] Connected to SQLite database.
[23-May-2025 15:55:40 UTC] Connected to SQLite database.
[23-May-2025 15:55:40 UTC] Connected to SQLite database.
[23-May-2025 15:55:41 UTC] Connected to SQLite database.
[23-May-2025 15:55:41 UTC] Connected to SQLite database.
[23-May-2025 15:55:41 UTC] Connected to SQLite database.
[23-May-2025 15:55:41 UTC] Connected to SQLite database.
[23-May-2025 15:55:41 UTC] Connected to SQLite database.
[23-May-2025 15:55:41 UTC] Connected to SQLite database.
[23-May-2025 15:55:41 UTC] Connected to SQLite database.
[23-May-2025 15:55:41 UTC] Connected to SQLite database.
[23-May-2025 15:55:41 UTC] Connected to SQLite database.
[23-May-2025 15:55:41 UTC] Connected to SQLite database.
[23-May-2025 15:55:41 UTC] Connected to SQLite database.
[23-May-2025 15:55:41 UTC] Connected to SQLite database.
[23-May-2025 15:55:41 UTC] Connected to SQLite database.
[23-May-2025 15:55:41 UTC] Connected to SQLite database.
[23-May-2025 15:55:41 UTC] Connected to SQLite database.
[23-May-2025 15:55:56 UTC] Connected to SQLite database.
[23-May-2025 15:55:56 UTC] Connected to SQLite database.
[23-May-2025 15:57:47 UTC] Connected to SQLite database.
[23-May-2025 15:57:47 UTC] Connected to SQLite database.
[23-May-2025 15:57:47 UTC] Connected to SQLite database.
[23-May-2025 15:58:10 UTC] Connected to SQLite database.
[23-May-2025 15:58:12 UTC] Connected to SQLite database.
[23-May-2025 15:58:12 UTC] Connected to SQLite database.
[23-May-2025 15:58:26 UTC] Connected to SQLite database.
[23-May-2025 15:58:29 UTC] Connected to SQLite database.
[23-May-2025 15:58:32 UTC] Connected to SQLite database.
[23-May-2025 15:58:36 UTC] Connected to SQLite database.
[23-May-2025 15:58:43 UTC] Connected to SQLite database.
[23-May-2025 15:58:51 UTC] Connected to SQLite database.
[23-May-2025 15:59:06 UTC] Connected to SQLite database.
[23-May-2025 15:59:20 UTC] Connected to SQLite database.
[23-May-2025 15:59:31 UTC] Connected to SQLite database.
[23-May-2025 15:59:36 UTC] Connected to SQLite database.
[23-May-2025 15:59:37 UTC] Connected to SQLite database.
[23-May-2025 15:59:48 UTC] Connected to SQLite database.
[23-May-2025 15:59:52 UTC] Connected to SQLite database.
[23-May-2025 16:00:02 UTC] Connected to SQLite database.
[23-May-2025 16:00:11 UTC] Connected to SQLite database.
[23-May-2025 16:00:21 UTC] Connected to SQLite database.
[23-May-2025 16:00:28 UTC] Connected to SQLite database.
[23-May-2025 16:00:32 UTC] Connected to SQLite database.
[23-May-2025 16:00:34 UTC] Connected to SQLite database.
[23-May-2025 16:00:36 UTC] Connected to SQLite database.
[23-May-2025 16:00:42 UTC] Connected to SQLite database.
[23-May-2025 16:00:54 UTC] Connected to SQLite database.
[23-May-2025 16:00:58 UTC] Connected to SQLite database.
[23-May-2025 16:01:01 UTC] Connected to SQLite database.
[23-May-2025 16:01:05 UTC] Connected to SQLite database.
[23-May-2025 16:01:29 UTC] Connected to SQLite database.
[23-May-2025 16:01:35 UTC] Connected to SQLite database.
[23-May-2025 16:01:44 UTC] Connected to SQLite database.
[23-May-2025 16:01:47 UTC] Connected to SQLite database.
[23-May-2025 16:02:00 UTC] Connected to SQLite database.
[23-May-2025 16:02:21 UTC] Connected to SQLite database.
[23-May-2025 16:02:27 UTC] Connected to SQLite database.
[23-May-2025 16:02:37 UTC] Connected to SQLite database.
[23-May-2025 16:02:47 UTC] Connected to SQLite database.
[23-May-2025 16:02:53 UTC] Connected to SQLite database.
[23-May-2025 16:03:10 UTC] Connected to SQLite database.
[23-May-2025 16:03:16 UTC] Connected to SQLite database.
[23-May-2025 16:03:28 UTC] Connected to SQLite database.
[23-May-2025 16:03:35 UTC] Connected to SQLite database.
[23-May-2025 16:03:36 UTC] Connected to SQLite database.
[23-May-2025 16:03:39 UTC] Connected to SQLite database.
[23-May-2025 16:03:41 UTC] Connected to SQLite database.
[23-May-2025 16:03:45 UTC] Connected to SQLite database.
[23-May-2025 16:04:02 UTC] Connected to SQLite database.
[23-May-2025 16:04:02 UTC] Connected to SQLite database.
[23-May-2025 16:04:03 UTC] Connected to SQLite database.
[23-May-2025 16:04:03 UTC] Connected to SQLite database.
[23-May-2025 16:04:07 UTC] Connected to SQLite database.
[23-May-2025 16:04:07 UTC] Connected to SQLite database.
[23-May-2025 16:06:03 UTC] Connected to SQLite database.
[23-May-2025 16:08:09 UTC] Connected to SQLite database.
[23-May-2025 16:08:09 UTC] Connected to SQLite database.
[23-May-2025 16:08:43 UTC] Connected to SQLite database.
[23-May-2025 16:08:43 UTC] Connected to SQLite database.
[23-May-2025 16:10:12 UTC] Connected to SQLite database.
[23-May-2025 16:10:13 UTC] Connected to SQLite database.
[23-May-2025 16:10:15 UTC] Connected to SQLite database.
[23-May-2025 16:10:21 UTC] Connected to SQLite database.
[23-May-2025 16:10:42 UTC] Connected to SQLite database.
[23-May-2025 16:10:57 UTC] Connected to SQLite database.
[24-May-2025 15:20:16 UTC] Connected to SQLite database.
[24-May-2025 15:20:23 UTC] Connected to SQLite database.
[24-May-2025 15:20:23 UTC] Connected to SQLite database.
[24-May-2025 15:21:59 UTC] Connected to SQLite database.
[24-May-2025 15:21:59 UTC] Connected to SQLite database.
[24-May-2025 15:22:15 UTC] Connected to SQLite database.
[24-May-2025 15:22:15 UTC] Connected to SQLite database.
[24-May-2025 15:22:15 UTC] Connected to SQLite database.
[24-May-2025 15:22:36 UTC] Connected to SQLite database.
[24-May-2025 15:22:36 UTC] Connected to SQLite database.
[24-May-2025 15:22:36 UTC] Connected to SQLite database.
[24-May-2025 15:23:27 UTC] Connected to SQLite database.
[24-May-2025 15:23:27 UTC] Connected to SQLite database.
[24-May-2025 15:23:27 UTC] Connected to SQLite database.
[24-May-2025 15:23:27 UTC] Connected to SQLite database.
[24-May-2025 15:23:27 UTC] Connected to SQLite database.
[24-May-2025 15:23:28 UTC] Connected to SQLite database.
[24-May-2025 15:23:28 UTC] Connected to SQLite database.
[24-May-2025 15:23:28 UTC] Connected to SQLite database.
[24-May-2025 15:23:28 UTC] Connected to SQLite database.
[24-May-2025 15:23:28 UTC] Connected to SQLite database.
[24-May-2025 15:23:28 UTC] Connected to SQLite database.
[24-May-2025 15:23:28 UTC] Connected to SQLite database.
[24-May-2025 15:23:28 UTC] Connected to SQLite database.
[24-May-2025 15:23:59 UTC] Connected to SQLite database.
[24-May-2025 15:23:59 UTC] Connected to SQLite database.
[24-May-2025 15:24:43 UTC] Connected to SQLite database.
[24-May-2025 15:24:43 UTC] Connected to SQLite database.
[24-May-2025 15:24:44 UTC] Connected to SQLite database.
[24-May-2025 15:24:44 UTC] Connected to SQLite database.
[24-May-2025 15:24:44 UTC] Connected to SQLite database.
[24-May-2025 15:24:47 UTC] Connected to SQLite database.
[24-May-2025 15:24:47 UTC] Connected to SQLite database.
[24-May-2025 15:24:49 UTC] Connected to SQLite database.
[24-May-2025 15:24:49 UTC] Connected to SQLite database.
[24-May-2025 15:24:49 UTC] Connected to SQLite database.
[24-May-2025 15:24:49 UTC] Connected to SQLite database.
[24-May-2025 15:24:49 UTC] Connected to SQLite database.
[24-May-2025 15:24:51 UTC] Connected to SQLite database.
[24-May-2025 15:24:51 UTC] Connected to SQLite database.
[24-May-2025 15:24:53 UTC] Connected to SQLite database.
[24-May-2025 15:24:53 UTC] Connected to SQLite database.
[24-May-2025 15:24:53 UTC] Connected to SQLite database.
[24-May-2025 15:24:53 UTC] Connected to SQLite database.
[24-May-2025 15:24:53 UTC] Connected to SQLite database.
[24-May-2025 15:24:53 UTC] Connected to SQLite database.
[24-May-2025 15:24:53 UTC] Connected to SQLite database.
[24-May-2025 15:24:53 UTC] Connected to SQLite database.
[24-May-2025 15:24:53 UTC] Connected to SQLite database.
[24-May-2025 15:24:53 UTC] Connected to SQLite database.
[24-May-2025 15:24:53 UTC] Connected to SQLite database.
[24-May-2025 15:24:53 UTC] Connected to SQLite database.
[24-May-2025 15:24:53 UTC] Connected to SQLite database.
[24-May-2025 15:24:53 UTC] Connected to SQLite database.
[24-May-2025 15:24:53 UTC] Connected to SQLite database.
[24-May-2025 15:24:53 UTC] Connected to SQLite database.
[24-May-2025 15:24:53 UTC] Connected to SQLite database.
[24-May-2025 15:24:53 UTC] Connected to SQLite database.
[24-May-2025 15:24:53 UTC] Connected to SQLite database.
[24-May-2025 15:24:53 UTC] Connected to SQLite database.
[24-May-2025 15:24:53 UTC] Connected to SQLite database.
[24-May-2025 15:24:53 UTC] Connected to SQLite database.
[24-May-2025 15:24:53 UTC] Connected to SQLite database.
[24-May-2025 15:24:53 UTC] Connected to SQLite database.
[24-May-2025 15:24:53 UTC] Connected to SQLite database.
[24-May-2025 15:24:53 UTC] Connected to SQLite database.
[24-May-2025 15:24:53 UTC] Connected to SQLite database.
[24-May-2025 15:24:53 UTC] Connected to SQLite database.
[24-May-2025 15:24:53 UTC] Connected to SQLite database.
[24-May-2025 15:24:53 UTC] Connected to SQLite database.
[24-May-2025 15:24:53 UTC] Connected to SQLite database.
[24-May-2025 15:24:53 UTC] Connected to SQLite database.
[24-May-2025 15:24:53 UTC] Connected to SQLite database.
[24-May-2025 15:24:53 UTC] Connected to SQLite database.
[24-May-2025 15:24:58 UTC] Connected to SQLite database.
[24-May-2025 15:24:58 UTC] Connected to SQLite database.
[24-May-2025 15:25:13 UTC] Connected to SQLite database.
[24-May-2025 15:25:13 UTC] Connected to SQLite database.
[24-May-2025 15:25:13 UTC] Connected to SQLite database.
[24-May-2025 15:25:36 UTC] Connected to SQLite database.
[24-May-2025 15:25:42 UTC] Connected to SQLite database.
[24-May-2025 15:25:48 UTC] Connected to SQLite database.
[24-May-2025 15:25:51 UTC] Connected to SQLite database.
[24-May-2025 15:26:44 UTC] Connected to SQLite database.
[24-May-2025 15:26:44 UTC] Connected to SQLite database.
[24-May-2025 15:26:44 UTC] Connected to SQLite database.
[24-May-2025 15:26:44 UTC] Connected to SQLite database.
[24-May-2025 15:26:44 UTC] Connected to SQLite database.
[24-May-2025 15:26:44 UTC] Connected to SQLite database.
[24-May-2025 15:26:44 UTC] Connected to SQLite database.
[24-May-2025 15:26:44 UTC] Connected to SQLite database.
[24-May-2025 15:26:44 UTC] Connected to SQLite database.
[24-May-2025 15:26:44 UTC] Connected to SQLite database.
[24-May-2025 15:26:44 UTC] Connected to SQLite database.
[24-May-2025 15:26:44 UTC] Connected to SQLite database.
[24-May-2025 15:26:44 UTC] Connected to SQLite database.
[24-May-2025 15:26:44 UTC] Connected to SQLite database.
[24-May-2025 15:26:44 UTC] Connected to SQLite database.
[24-May-2025 15:26:44 UTC] Connected to SQLite database.
[24-May-2025 15:26:45 UTC] Connected to SQLite database.
[24-May-2025 15:26:45 UTC] Connected to SQLite database.
[24-May-2025 15:26:45 UTC] Connected to SQLite database.
[24-May-2025 15:26:45 UTC] Connected to SQLite database.
[24-May-2025 15:26:47 UTC] Connected to SQLite database.
[24-May-2025 15:26:47 UTC] Connected to SQLite database.
[24-May-2025 15:26:50 UTC] Connected to SQLite database.
[24-May-2025 15:26:50 UTC] Connected to SQLite database.
[24-May-2025 15:26:50 UTC] Connected to SQLite database.
[24-May-2025 15:26:50 UTC] Connected to SQLite database.
[24-May-2025 15:26:50 UTC] Connected to SQLite database.
[24-May-2025 15:26:50 UTC] Connected to SQLite database.
[24-May-2025 15:26:50 UTC] Connected to SQLite database.
[24-May-2025 15:26:50 UTC] Connected to SQLite database.
[24-May-2025 15:26:50 UTC] Connected to SQLite database.
[24-May-2025 15:26:50 UTC] Connected to SQLite database.
[24-May-2025 15:26:50 UTC] Connected to SQLite database.
[24-May-2025 15:26:50 UTC] Connected to SQLite database.
[24-May-2025 15:26:50 UTC] Connected to SQLite database.
[24-May-2025 15:26:50 UTC] Connected to SQLite database.
[24-May-2025 15:26:51 UTC] Connected to SQLite database.
[24-May-2025 15:26:51 UTC] Connected to SQLite database.
[24-May-2025 15:26:51 UTC] Connected to SQLite database.
[24-May-2025 15:26:51 UTC] Connected to SQLite database.
[24-May-2025 15:26:51 UTC] Connected to SQLite database.
[24-May-2025 15:26:51 UTC] Connected to SQLite database.
[24-May-2025 15:26:51 UTC] Connected to SQLite database.
[24-May-2025 15:26:51 UTC] Connected to SQLite database.
[24-May-2025 15:26:51 UTC] Connected to SQLite database.
[24-May-2025 15:26:51 UTC] Connected to SQLite database.
[24-May-2025 15:26:51 UTC] Connected to SQLite database.
[24-May-2025 15:26:51 UTC] Connected to SQLite database.
[24-May-2025 15:26:51 UTC] Connected to SQLite database.
[24-May-2025 15:26:51 UTC] Connected to SQLite database.
[24-May-2025 15:26:51 UTC] Connected to SQLite database.
[24-May-2025 15:26:51 UTC] Connected to SQLite database.
[24-May-2025 15:26:51 UTC] Connected to SQLite database.
[24-May-2025 15:26:51 UTC] Connected to SQLite database.
[24-May-2025 15:26:51 UTC] Connected to SQLite database.
[24-May-2025 15:26:51 UTC] Connected to SQLite database.
[24-May-2025 15:26:51 UTC] Connected to SQLite database.
[24-May-2025 15:26:51 UTC] Connected to SQLite database.
[24-May-2025 15:26:52 UTC] Connected to SQLite database.
[24-May-2025 15:26:52 UTC] Connected to SQLite database.
[24-May-2025 15:26:56 UTC] Connected to SQLite database.
[24-May-2025 15:26:56 UTC] Connected to SQLite database.
[24-May-2025 15:26:56 UTC] Connected to SQLite database.
[24-May-2025 15:26:56 UTC] Connected to SQLite database.
[24-May-2025 15:26:56 UTC] Connected to SQLite database.
[24-May-2025 15:27:01 UTC] Connected to SQLite database.
[24-May-2025 15:27:01 UTC] Connected to SQLite database.
[24-May-2025 15:31:04 UTC] Connected to SQLite database.
[24-May-2025 15:31:04 UTC] Connected to SQLite database.
[24-May-2025 15:31:09 UTC] Connected to SQLite database.
[24-May-2025 15:31:09 UTC] Connected to SQLite database.
[24-May-2025 15:31:58 UTC] Connected to SQLite database.
[24-May-2025 15:31:58 UTC] Connected to SQLite database.
[24-May-2025 15:32:00 UTC] Connected to SQLite database.
[24-May-2025 15:32:00 UTC] Connected to SQLite database.
[24-May-2025 15:32:50 UTC] Connected to SQLite database.
[24-May-2025 15:32:50 UTC] Connected to SQLite database.
[24-May-2025 15:33:03 UTC] Connected to SQLite database.
[24-May-2025 15:33:03 UTC] Connected to SQLite database.
[24-May-2025 15:33:18 UTC] Connected to SQLite database.
[24-May-2025 15:33:18 UTC] Connected to SQLite database.
[24-May-2025 15:33:19 UTC] Connected to SQLite database.
[24-May-2025 15:33:19 UTC] Connected to SQLite database.
[24-May-2025 15:33:19 UTC] Connected to SQLite database.
[24-May-2025 15:33:19 UTC] Connected to SQLite database.
[24-May-2025 15:33:19 UTC] Connected to SQLite database.
[24-May-2025 15:33:19 UTC] Connected to SQLite database.
[24-May-2025 15:33:19 UTC] Connected to SQLite database.
[24-May-2025 15:33:19 UTC] Connected to SQLite database.
[24-May-2025 15:33:19 UTC] Connected to SQLite database.
[24-May-2025 15:33:19 UTC] Connected to SQLite database.
[24-May-2025 15:33:19 UTC] Connected to SQLite database.
[24-May-2025 15:33:19 UTC] Connected to SQLite database.
[24-May-2025 15:33:19 UTC] Connected to SQLite database.
[24-May-2025 15:33:19 UTC] Connected to SQLite database.
[24-May-2025 15:33:19 UTC] Connected to SQLite database.
[24-May-2025 15:33:19 UTC] Connected to SQLite database.
[24-May-2025 15:33:19 UTC] Connected to SQLite database.
[24-May-2025 15:33:19 UTC] Connected to SQLite database.
[24-May-2025 15:33:19 UTC] Connected to SQLite database.
[24-May-2025 15:33:19 UTC] Connected to SQLite database.
[24-May-2025 15:33:19 UTC] Connected to SQLite database.
[24-May-2025 15:33:19 UTC] Connected to SQLite database.
[24-May-2025 15:33:19 UTC] Connected to SQLite database.
[24-May-2025 15:33:19 UTC] Connected to SQLite database.
[24-May-2025 15:33:19 UTC] Connected to SQLite database.
[24-May-2025 15:33:19 UTC] Connected to SQLite database.
[24-May-2025 15:33:19 UTC] Connected to SQLite database.
[24-May-2025 15:33:19 UTC] Connected to SQLite database.
[24-May-2025 15:33:19 UTC] Connected to SQLite database.
[24-May-2025 15:33:19 UTC] Connected to SQLite database.
[24-May-2025 15:33:19 UTC] Connected to SQLite database.
[24-May-2025 15:33:19 UTC] Connected to SQLite database.
[24-May-2025 15:33:19 UTC] Connected to SQLite database.
[24-May-2025 15:33:19 UTC] Connected to SQLite database.
[24-May-2025 15:33:19 UTC] Connected to SQLite database.
[24-May-2025 15:33:19 UTC] Connected to SQLite database.
[24-May-2025 15:33:19 UTC] Connected to SQLite database.
[24-May-2025 15:33:19 UTC] Connected to SQLite database.
[24-May-2025 15:33:19 UTC] Connected to SQLite database.
[24-May-2025 15:33:19 UTC] Connected to SQLite database.
[24-May-2025 15:33:19 UTC] Connected to SQLite database.
[24-May-2025 15:33:19 UTC] Connected to SQLite database.
[24-May-2025 15:33:19 UTC] Connected to SQLite database.
[24-May-2025 15:33:19 UTC] Connected to SQLite database.
[24-May-2025 15:33:19 UTC] Connected to SQLite database.
[24-May-2025 15:33:19 UTC] Connected to SQLite database.
[24-May-2025 15:33:19 UTC] Connected to SQLite database.
[24-May-2025 15:33:19 UTC] Connected to SQLite database.
[24-May-2025 15:33:19 UTC] Connected to SQLite database.
[24-May-2025 15:33:19 UTC] Connected to SQLite database.
[24-May-2025 15:33:19 UTC] Connected to SQLite database.
[24-May-2025 15:33:19 UTC] Connected to SQLite database.
[24-May-2025 15:33:19 UTC] Connected to SQLite database.
[24-May-2025 15:33:19 UTC] Connected to SQLite database.
[24-May-2025 15:33:19 UTC] Connected to SQLite database.
[24-May-2025 15:33:19 UTC] Connected to SQLite database.
[24-May-2025 15:33:19 UTC] Connected to SQLite database.
[24-May-2025 15:33:19 UTC] Connected to SQLite database.
[24-May-2025 15:33:19 UTC] Connected to SQLite database.
[24-May-2025 15:33:19 UTC] Connected to SQLite database.
[24-May-2025 15:33:19 UTC] Connected to SQLite database.
[24-May-2025 15:33:19 UTC] Connected to SQLite database.
[24-May-2025 15:33:19 UTC] Connected to SQLite database.
[24-May-2025 15:33:19 UTC] Connected to SQLite database.
[24-May-2025 15:33:19 UTC] Connected to SQLite database.
[24-May-2025 15:33:19 UTC] Connected to SQLite database.
[24-May-2025 15:33:19 UTC] Connected to SQLite database.
[24-May-2025 15:33:19 UTC] Connected to SQLite database.
[24-May-2025 15:33:19 UTC] Connected to SQLite database.
[24-May-2025 15:33:19 UTC] Connected to SQLite database.
[24-May-2025 15:33:19 UTC] Connected to SQLite database.
[24-May-2025 15:33:19 UTC] Connected to SQLite database.
[24-May-2025 15:33:19 UTC] Connected to SQLite database.
[24-May-2025 15:33:19 UTC] Connected to SQLite database.
[24-May-2025 15:33:19 UTC] Connected to SQLite database.
[24-May-2025 15:33:19 UTC] Connected to SQLite database.
[24-May-2025 15:33:19 UTC] Connected to SQLite database.
[24-May-2025 15:33:19 UTC] Connected to SQLite database.
[24-May-2025 15:33:19 UTC] Connected to SQLite database.
[24-May-2025 15:33:19 UTC] Connected to SQLite database.
[24-May-2025 15:33:19 UTC] Connected to SQLite database.
[24-May-2025 15:33:19 UTC] Connected to SQLite database.
[24-May-2025 15:33:19 UTC] Connected to SQLite database.
[24-May-2025 15:33:19 UTC] Connected to SQLite database.
[24-May-2025 15:33:19 UTC] Connected to SQLite database.
[24-May-2025 15:33:19 UTC] Connected to SQLite database.
[24-May-2025 15:33:19 UTC] Connected to SQLite database.
[24-May-2025 15:33:19 UTC] Connected to SQLite database.
[24-May-2025 15:33:19 UTC] Connected to SQLite database.
[24-May-2025 15:33:19 UTC] Connected to SQLite database.
[24-May-2025 15:33:19 UTC] Connected to SQLite database.
[24-May-2025 15:33:19 UTC] Connected to SQLite database.
[24-May-2025 15:33:19 UTC] Connected to SQLite database.
[24-May-2025 15:33:19 UTC] Connected to SQLite database.
[24-May-2025 15:33:19 UTC] Connected to SQLite database.
[24-May-2025 15:33:19 UTC] Connected to SQLite database.
[24-May-2025 15:33:19 UTC] Connected to SQLite database.
[24-May-2025 15:33:19 UTC] Connected to SQLite database.
[24-May-2025 15:33:19 UTC] Connected to SQLite database.
[24-May-2025 15:33:19 UTC] Connected to SQLite database.
[24-May-2025 15:33:19 UTC] Connected to SQLite database.
[24-May-2025 15:33:19 UTC] Connected to SQLite database.
[24-May-2025 15:33:19 UTC] Connected to SQLite database.
[24-May-2025 15:33:19 UTC] Connected to SQLite database.
[24-May-2025 15:33:19 UTC] Connected to SQLite database.
[24-May-2025 15:33:19 UTC] Connected to SQLite database.
[24-May-2025 15:33:19 UTC] Connected to SQLite database.
[24-May-2025 15:33:19 UTC] Connected to SQLite database.
[24-May-2025 15:33:19 UTC] Connected to SQLite database.
[24-May-2025 15:33:19 UTC] Connected to SQLite database.
[24-May-2025 15:33:19 UTC] Connected to SQLite database.
[24-May-2025 15:33:19 UTC] Connected to SQLite database.
[24-May-2025 15:33:19 UTC] Connected to SQLite database.
[24-May-2025 15:33:19 UTC] Connected to SQLite database.
[24-May-2025 15:33:19 UTC] Connected to SQLite database.
[24-May-2025 15:33:19 UTC] Connected to SQLite database.
[24-May-2025 15:33:21 UTC] Connected to SQLite database.
[24-May-2025 15:33:21 UTC] Connected to SQLite database.
[24-May-2025 15:33:21 UTC] Connected to SQLite database.
[24-May-2025 15:33:21 UTC] Connected to SQLite database.
[24-May-2025 15:33:21 UTC] Connected to SQLite database.
[24-May-2025 15:33:21 UTC] Connected to SQLite database.
[24-May-2025 15:33:21 UTC] Connected to SQLite database.
[24-May-2025 15:33:21 UTC] Connected to SQLite database.
[24-May-2025 15:33:21 UTC] Connected to SQLite database.
[24-May-2025 15:33:21 UTC] Connected to SQLite database.
[24-May-2025 15:33:21 UTC] Connected to SQLite database.
[24-May-2025 15:33:21 UTC] Connected to SQLite database.
[24-May-2025 15:33:21 UTC] Connected to SQLite database.
[24-May-2025 15:33:21 UTC] Connected to SQLite database.
[24-May-2025 15:33:21 UTC] Connected to SQLite database.
[24-May-2025 15:33:21 UTC] Connected to SQLite database.
[24-May-2025 15:33:21 UTC] Connected to SQLite database.
[24-May-2025 15:33:21 UTC] Connected to SQLite database.
[24-May-2025 15:33:21 UTC] Connected to SQLite database.
[24-May-2025 15:33:21 UTC] Connected to SQLite database.
[24-May-2025 15:33:21 UTC] Connected to SQLite database.
[24-May-2025 15:33:21 UTC] Connected to SQLite database.
[24-May-2025 15:33:21 UTC] Connected to SQLite database.
[24-May-2025 15:33:21 UTC] Connected to SQLite database.
[24-May-2025 15:33:21 UTC] Connected to SQLite database.
[24-May-2025 15:33:21 UTC] Connected to SQLite database.
[24-May-2025 15:33:21 UTC] Connected to SQLite database.
[24-May-2025 15:33:21 UTC] Connected to SQLite database.
[24-May-2025 15:33:21 UTC] Connected to SQLite database.
[24-May-2025 15:33:21 UTC] Connected to SQLite database.
[24-May-2025 15:33:21 UTC] Connected to SQLite database.
[24-May-2025 15:33:21 UTC] Connected to SQLite database.
[24-May-2025 15:33:21 UTC] Connected to SQLite database.
[24-May-2025 15:33:21 UTC] Connected to SQLite database.
[24-May-2025 15:33:21 UTC] Connected to SQLite database.
[24-May-2025 15:33:21 UTC] Connected to SQLite database.
[24-May-2025 15:33:21 UTC] Connected to SQLite database.
[24-May-2025 15:33:21 UTC] Connected to SQLite database.
[24-May-2025 15:33:21 UTC] Connected to SQLite database.
[24-May-2025 15:33:21 UTC] Connected to SQLite database.
[24-May-2025 15:33:21 UTC] Connected to SQLite database.
[24-May-2025 15:33:21 UTC] Connected to SQLite database.
[24-May-2025 15:33:21 UTC] Connected to SQLite database.
[24-May-2025 15:33:21 UTC] Connected to SQLite database.
[24-May-2025 15:33:21 UTC] Connected to SQLite database.
[24-May-2025 15:33:21 UTC] Connected to SQLite database.
[24-May-2025 15:33:21 UTC] Connected to SQLite database.
[24-May-2025 15:33:21 UTC] Connected to SQLite database.
[24-May-2025 15:33:21 UTC] Connected to SQLite database.
[24-May-2025 15:33:21 UTC] Connected to SQLite database.
[24-May-2025 15:33:21 UTC] Connected to SQLite database.
[24-May-2025 15:33:21 UTC] Connected to SQLite database.
[24-May-2025 15:33:21 UTC] Connected to SQLite database.
[24-May-2025 15:33:21 UTC] Connected to SQLite database.
[24-May-2025 15:33:21 UTC] Connected to SQLite database.
[24-May-2025 15:33:21 UTC] Connected to SQLite database.
[24-May-2025 15:33:21 UTC] Connected to SQLite database.
[24-May-2025 15:33:21 UTC] Connected to SQLite database.
[24-May-2025 15:33:21 UTC] Connected to SQLite database.
[24-May-2025 15:33:21 UTC] Connected to SQLite database.
[24-May-2025 15:33:21 UTC] Connected to SQLite database.
[24-May-2025 15:33:21 UTC] Connected to SQLite database.
[24-May-2025 15:33:21 UTC] Connected to SQLite database.
[24-May-2025 15:33:21 UTC] Connected to SQLite database.
[24-May-2025 15:33:21 UTC] Connected to SQLite database.
[24-May-2025 15:33:21 UTC] Connected to SQLite database.
[24-May-2025 15:33:21 UTC] Connected to SQLite database.
[24-May-2025 15:33:21 UTC] Connected to SQLite database.
[24-May-2025 15:33:21 UTC] Connected to SQLite database.
[24-May-2025 15:33:21 UTC] Connected to SQLite database.
[24-May-2025 15:33:21 UTC] Connected to SQLite database.
[24-May-2025 15:33:21 UTC] Connected to SQLite database.
[24-May-2025 15:33:21 UTC] Connected to SQLite database.
[24-May-2025 15:33:21 UTC] Connected to SQLite database.
[24-May-2025 15:33:21 UTC] Connected to SQLite database.
[24-May-2025 15:33:21 UTC] Connected to SQLite database.
[24-May-2025 15:33:21 UTC] Connected to SQLite database.
[24-May-2025 15:33:21 UTC] Connected to SQLite database.
[24-May-2025 15:33:21 UTC] Connected to SQLite database.
[24-May-2025 15:33:21 UTC] Connected to SQLite database.
[24-May-2025 15:33:21 UTC] Connected to SQLite database.
[24-May-2025 15:33:21 UTC] Connected to SQLite database.
[24-May-2025 15:33:21 UTC] Connected to SQLite database.
[24-May-2025 15:33:21 UTC] Connected to SQLite database.
[24-May-2025 15:33:21 UTC] Connected to SQLite database.
[24-May-2025 15:33:21 UTC] Connected to SQLite database.
[24-May-2025 15:33:21 UTC] Connected to SQLite database.
[24-May-2025 15:33:21 UTC] Connected to SQLite database.
[24-May-2025 15:33:21 UTC] Connected to SQLite database.
[24-May-2025 15:33:21 UTC] Connected to SQLite database.
[24-May-2025 15:33:21 UTC] Connected to SQLite database.
[24-May-2025 15:33:21 UTC] Connected to SQLite database.
[24-May-2025 15:33:21 UTC] Connected to SQLite database.
[24-May-2025 15:33:21 UTC] Connected to SQLite database.
[24-May-2025 15:33:21 UTC] Connected to SQLite database.
[24-May-2025 15:33:21 UTC] Connected to SQLite database.
[24-May-2025 15:33:21 UTC] Connected to SQLite database.
[24-May-2025 15:33:21 UTC] Connected to SQLite database.
[24-May-2025 15:33:21 UTC] Connected to SQLite database.
[24-May-2025 15:33:21 UTC] Connected to SQLite database.
[24-May-2025 15:33:21 UTC] Connected to SQLite database.
[24-May-2025 15:33:21 UTC] Connected to SQLite database.
[24-May-2025 15:33:21 UTC] Connected to SQLite database.
[24-May-2025 15:33:21 UTC] Connected to SQLite database.
[24-May-2025 15:33:21 UTC] Connected to SQLite database.
[24-May-2025 15:33:21 UTC] Connected to SQLite database.
[24-May-2025 15:33:21 UTC] Connected to SQLite database.
[24-May-2025 15:33:21 UTC] Connected to SQLite database.
[24-May-2025 15:33:21 UTC] Connected to SQLite database.
[24-May-2025 15:33:21 UTC] Connected to SQLite database.
[24-May-2025 15:33:21 UTC] Connected to SQLite database.
[24-May-2025 15:33:21 UTC] Connected to SQLite database.
[24-May-2025 15:33:21 UTC] Connected to SQLite database.
[24-May-2025 15:33:21 UTC] Connected to SQLite database.
[24-May-2025 15:33:21 UTC] Connected to SQLite database.
[24-May-2025 15:33:21 UTC] Connected to SQLite database.
[24-May-2025 15:33:21 UTC] Connected to SQLite database.
[24-May-2025 15:33:21 UTC] Connected to SQLite database.
[24-May-2025 15:33:21 UTC] Connected to SQLite database.
[24-May-2025 15:33:21 UTC] Connected to SQLite database.
[24-May-2025 15:33:21 UTC] Connected to SQLite database.
[24-May-2025 15:33:21 UTC] Connected to SQLite database.
[24-May-2025 15:33:21 UTC] Connected to SQLite database.
[24-May-2025 15:33:21 UTC] Connected to SQLite database.
[24-May-2025 15:33:21 UTC] Connected to SQLite database.
[24-May-2025 15:33:21 UTC] Connected to SQLite database.
[24-May-2025 15:33:21 UTC] Connected to SQLite database.
[24-May-2025 15:33:21 UTC] Connected to SQLite database.
[24-May-2025 15:33:21 UTC] Connected to SQLite database.
[24-May-2025 15:33:21 UTC] Connected to SQLite database.
[24-May-2025 15:33:21 UTC] Connected to SQLite database.
[24-May-2025 15:33:21 UTC] Connected to SQLite database.
[24-May-2025 15:33:21 UTC] Connected to SQLite database.
[24-May-2025 15:33:21 UTC] Connected to SQLite database.
[24-May-2025 15:33:21 UTC] Connected to SQLite database.
[24-May-2025 15:33:21 UTC] Connected to SQLite database.
[24-May-2025 15:33:21 UTC] Connected to SQLite database.
[24-May-2025 15:33:21 UTC] Connected to SQLite database.
[24-May-2025 15:33:21 UTC] Connected to SQLite database.
[24-May-2025 15:33:21 UTC] Connected to SQLite database.
[24-May-2025 15:33:21 UTC] Connected to SQLite database.
[24-May-2025 15:33:21 UTC] Connected to SQLite database.
[24-May-2025 15:33:21 UTC] Connected to SQLite database.
[24-May-2025 15:33:21 UTC] Connected to SQLite database.
[24-May-2025 15:33:21 UTC] Connected to SQLite database.
[24-May-2025 15:33:21 UTC] Connected to SQLite database.
[24-May-2025 15:33:21 UTC] Connected to SQLite database.
[24-May-2025 15:33:21 UTC] Connected to SQLite database.
[24-May-2025 15:33:21 UTC] Connected to SQLite database.
[24-May-2025 15:33:21 UTC] Connected to SQLite database.
[24-May-2025 15:33:21 UTC] Connected to SQLite database.
[24-May-2025 15:33:21 UTC] Connected to SQLite database.
[24-May-2025 15:33:21 UTC] Connected to SQLite database.
[24-May-2025 15:33:21 UTC] Connected to SQLite database.
[24-May-2025 15:33:22 UTC] Connected to SQLite database.
[24-May-2025 15:33:22 UTC] Connected to SQLite database.
[24-May-2025 15:33:22 UTC] Connected to SQLite database.
[24-May-2025 15:33:22 UTC] Connected to SQLite database.
[24-May-2025 15:33:22 UTC] Connected to SQLite database.
[24-May-2025 15:33:22 UTC] Connected to SQLite database.
[24-May-2025 15:33:22 UTC] Connected to SQLite database.
[24-May-2025 15:33:22 UTC] Connected to SQLite database.
[24-May-2025 15:33:22 UTC] Connected to SQLite database.
[24-May-2025 15:33:22 UTC] Connected to SQLite database.
[24-May-2025 15:33:22 UTC] Connected to SQLite database.
[24-May-2025 15:33:22 UTC] Connected to SQLite database.
[24-May-2025 15:33:22 UTC] Connected to SQLite database.
[24-May-2025 15:33:22 UTC] Connected to SQLite database.
[24-May-2025 15:33:22 UTC] Connected to SQLite database.
[24-May-2025 15:33:22 UTC] Connected to SQLite database.
[24-May-2025 15:33:22 UTC] Connected to SQLite database.
[24-May-2025 15:33:22 UTC] Connected to SQLite database.
[24-May-2025 15:33:22 UTC] Connected to SQLite database.
[24-May-2025 15:33:22 UTC] Connected to SQLite database.
[24-May-2025 15:33:22 UTC] Connected to SQLite database.
[24-May-2025 15:33:22 UTC] Connected to SQLite database.
[24-May-2025 15:33:22 UTC] Connected to SQLite database.
[24-May-2025 15:33:22 UTC] Connected to SQLite database.
[24-May-2025 15:33:23 UTC] Connected to SQLite database.
[24-May-2025 15:33:23 UTC] Connected to SQLite database.
[24-May-2025 15:33:56 UTC] Connected to SQLite database.
[24-May-2025 15:34:07 UTC] Connected to SQLite database.
[24-May-2025 15:34:25 UTC] Connected to SQLite database.
[24-May-2025 15:34:25 UTC] Connected to SQLite database.
[24-May-2025 15:34:32 UTC] Connected to SQLite database.
[24-May-2025 15:34:44 UTC] Connected to SQLite database.
[24-May-2025 15:34:44 UTC] Connected to SQLite database.
[24-May-2025 15:34:46 UTC] Connected to SQLite database.
[24-May-2025 15:34:50 UTC] Connected to SQLite database.
[24-May-2025 15:34:50 UTC] Connected to SQLite database.
[24-May-2025 15:35:18 UTC] Connected to SQLite database.
[24-May-2025 15:35:23 UTC] Connected to SQLite database.
[24-May-2025 15:35:25 UTC] Connected to SQLite database.
[24-May-2025 15:35:28 UTC] Connected to SQLite database.
[24-May-2025 15:35:36 UTC] Connected to SQLite database.
[24-May-2025 15:35:43 UTC] Connected to SQLite database.
[24-May-2025 15:35:49 UTC] Connected to SQLite database.
[24-May-2025 15:35:50 UTC] Connected to SQLite database.
[24-May-2025 15:35:54 UTC] Connected to SQLite database.
[24-May-2025 15:36:05 UTC] Connected to SQLite database.
[24-May-2025 15:38:04 UTC] Connected to SQLite database.
[24-May-2025 15:38:04 UTC] Connected to SQLite database.
[24-May-2025 15:47:16 UTC] Connected to SQLite database.
[24-May-2025 15:47:18 UTC] Connected to SQLite database.
[24-May-2025 15:47:19 UTC] Connected to SQLite database.
[24-May-2025 15:47:22 UTC] Connected to SQLite database.
[24-May-2025 15:47:36 UTC] Connected to SQLite database.
[24-May-2025 15:47:42 UTC] Connected to SQLite database.
[24-May-2025 15:47:59 UTC] Connected to SQLite database.
[24-May-2025 15:48:03 UTC] Connected to SQLite database.
[24-May-2025 15:48:31 UTC] Connected to SQLite database.
[24-May-2025 15:48:48 UTC] Connected to SQLite database.
[24-May-2025 15:48:50 UTC] Connected to SQLite database.
[24-May-2025 15:48:53 UTC] Connected to SQLite database.
[24-May-2025 15:49:00 UTC] Connected to SQLite database.
[24-May-2025 15:49:07 UTC] Connected to SQLite database.
[24-May-2025 16:21:52 UTC] Connected to SQLite database.
[24-May-2025 16:21:52 UTC] Connected to SQLite database.
[24-May-2025 16:21:59 UTC] Connected to SQLite database.
[24-May-2025 16:21:59 UTC] Connected to SQLite database.
[24-May-2025 16:21:59 UTC] Connected to SQLite database.
[24-May-2025 16:22:00 UTC] Connected to SQLite database.
[24-May-2025 16:22:00 UTC] Connected to SQLite database.
[24-May-2025 16:22:03 UTC] Connected to SQLite database.
[24-May-2025 16:22:03 UTC] Connected to SQLite database.
[24-May-2025 16:22:05 UTC] Connected to SQLite database.
[24-May-2025 16:22:05 UTC] Connected to SQLite database.
[24-May-2025 16:22:10 UTC] Connected to SQLite database.
[24-May-2025 16:22:10 UTC] Connected to SQLite database.
[24-May-2025 16:22:21 UTC] Connected to SQLite database.
[24-May-2025 16:22:21 UTC] Connected to SQLite database.
[24-May-2025 16:23:54 UTC] Connected to SQLite database.
[24-May-2025 16:23:56 UTC] Connected to SQLite database.
[24-May-2025 16:24:00 UTC] Connected to SQLite database.
[24-May-2025 16:24:06 UTC] Connected to SQLite database.
[24-May-2025 16:24:20 UTC] Connected to SQLite database.
[24-May-2025 16:24:23 UTC] Connected to SQLite database.
[24-May-2025 16:24:36 UTC] Connected to SQLite database.
[24-May-2025 16:25:04 UTC] Connected to SQLite database.
[24-May-2025 16:25:04 UTC] Connected to SQLite database.
[24-May-2025 16:25:12 UTC] Connected to SQLite database.
[24-May-2025 16:25:16 UTC] Connected to SQLite database.
[24-May-2025 16:25:20 UTC] Connected to SQLite database.
[24-May-2025 16:25:20 UTC] Connected to SQLite database.
[24-May-2025 16:25:27 UTC] Connected to SQLite database.
[24-May-2025 16:25:35 UTC] Connected to SQLite database.
[24-May-2025 16:25:35 UTC] Connected to SQLite database.
[24-May-2025 16:25:37 UTC] Connected to SQLite database.
[24-May-2025 16:25:37 UTC] Connected to SQLite database.
[24-May-2025 16:25:38 UTC] Connected to SQLite database.
[24-May-2025 16:25:38 UTC] Connected to SQLite database.
[24-May-2025 16:26:08 UTC] Connected to SQLite database.
[24-May-2025 16:26:08 UTC] Connected to SQLite database.
[24-May-2025 16:26:26 UTC] Connected to SQLite database.
[24-May-2025 16:26:49 UTC] Connected to SQLite database.
[24-May-2025 16:26:49 UTC] Connected to SQLite database.
[24-May-2025 16:28:41 UTC] Connected to SQLite database.
[24-May-2025 16:28:43 UTC] Connected to SQLite database.
[24-May-2025 16:29:26 UTC] Connected to SQLite database.
[24-May-2025 16:30:12 UTC] Connected to SQLite database.
[24-May-2025 16:30:29 UTC] Connected to SQLite database.
[24-May-2025 16:30:31 UTC] Connected to SQLite database.
[24-May-2025 16:30:55 UTC] Connected to SQLite database.
[24-May-2025 16:32:24 UTC] Connected to SQLite database.
[24-May-2025 16:32:26 UTC] Connected to SQLite database.
[24-May-2025 16:32:33 UTC] Connected to SQLite database.
[24-May-2025 16:32:33 UTC] Connected to SQLite database.
[24-May-2025 16:33:04 UTC] Connected to SQLite database.
[24-May-2025 16:33:11 UTC] Connected to SQLite database.
[24-May-2025 16:33:14 UTC] Connected to SQLite database.
[24-May-2025 16:33:20 UTC] Connected to SQLite database.
[24-May-2025 16:33:24 UTC] Connected to SQLite database.
[24-May-2025 16:33:26 UTC] Connected to SQLite database.
[24-May-2025 16:33:28 UTC] Connected to SQLite database.
[24-May-2025 16:33:29 UTC] Connected to SQLite database.
[24-May-2025 16:33:32 UTC] Connected to SQLite database.
[24-May-2025 16:33:43 UTC] Connected to SQLite database.
[24-May-2025 16:33:44 UTC] Connected to SQLite database.
[24-May-2025 16:33:53 UTC] Connected to SQLite database.
[24-May-2025 16:34:04 UTC] Connected to SQLite database.
[24-May-2025 16:34:08 UTC] Connected to SQLite database.
[24-May-2025 16:34:16 UTC] Connected to SQLite database.
[24-May-2025 16:34:28 UTC] Connected to SQLite database.
[24-May-2025 16:34:30 UTC] Connected to SQLite database.
[24-May-2025 16:34:31 UTC] Connected to SQLite database.
[24-May-2025 16:34:34 UTC] Connected to SQLite database.
[24-May-2025 16:34:41 UTC] Connected to SQLite database.
[24-May-2025 16:35:05 UTC] Connected to SQLite database.
[24-May-2025 16:35:05 UTC] Connected to SQLite database.
[24-May-2025 16:35:10 UTC] Connected to SQLite database.
[24-May-2025 16:35:10 UTC] Connected to SQLite database.
